[?25lHi. This program will exit in 10 seconds. To quit sooner press any key.
[0D[1A[0D[2KHi. This program will exit in 9 seconds. To quit sooner press any key.
[0D[2K[?25h[?1002l[?1003l[?25h